# Домашнее задание к занятию "3.5. Файловые системы"

### 1. Узнайте о [sparse](https://ru.wikipedia.org/wiki/%D0%A0%D0%B0%D0%B7%D1%80%D0%B5%D0%B6%D1%91%D0%BD%D0%BD%D1%8B%D0%B9_%D1%84%D0%B0%D0%B9%D0%BB) (разряженных) файлах.

*Ответ:*  
Ознакомился. Это файлы в которых последовательности нулевых файтов не записываются на диск, а хранится только информация об этой последовательности. Это позволяет экономить дисковое пространство. Используется в торрентах, в виртуализации.  
Команды дл создания разряженых файлов в Linux:  
```
1. dd if=/dev/zero of=./sparse-file bs=1 count=0 seek=2M
2. truncate -s2M ./sparse-file
3. cp --sparse=always ./simple-file ./sparse-file
4. ddrescue --sparse /dev/sdb ./sparse-file ./history.log
```

### 2. Могут ли файлы, являющиеся жесткой ссылкой на один объект, иметь разные права доступа и владельца? Почему?

*Ответ:*  
Не могут. Жесткая ссылка не создает новый файл, она лишь предоставляет новое имя для тех же данных, с единым уникальным inode.
А права доступа и владелец хранятся таблице inode.

### 3. Сделайте `vagrant destroy` на имеющийся инстанс Ubuntu. Замените содержимое Vagrantfile следующим:

```bash
    Vagrant.configure("2") do |config|
      config.vm.box = "bento/ubuntu-20.04"
      config.vm.provider :virtualbox do |vb|
        lvm_experiments_disk0_path = "/tmp/lvm_experiments_disk0.vmdk"
        lvm_experiments_disk1_path = "/tmp/lvm_experiments_disk1.vmdk"
        vb.customize ['createmedium', '--filename', lvm_experiments_disk0_path, '--size', 2560]
        vb.customize ['createmedium', '--filename', lvm_experiments_disk1_path, '--size', 2560]
        vb.customize ['storageattach', :id, '--storagectl', 'SATA Controller', '--port', 1, '--device', 0, '--type', 'hdd', '--medium', lvm_experiments_disk0_path]
        vb.customize ['storageattach', :id, '--storagectl', 'SATA Controller', '--port', 2, '--device', 0, '--type', 'hdd', '--medium', lvm_experiments_disk1_path]
      end
    end
```
Данная конфигурация создаст новую виртуальную машину с двумя дополнительными неразмеченными дисками по 2.5 Гб.  

*Ответ:*  
Сделал.
```shell
vagrant@vagrant:~$ lsblk
NAME                      MAJ:MIN RM  SIZE RO TYPE MOUNTPOINT
loop0                       7:0    0 55.4M  1 loop /snap/core18/2128
loop2                       7:2    0 70.3M  1 loop /snap/lxd/21029
loop3                       7:3    0 55.5M  1 loop /snap/core18/2284
loop4                       7:4    0 43.6M  1 loop /snap/snapd/14978
loop5                       7:5    0 61.9M  1 loop /snap/core20/1361
loop6                       7:6    0 67.9M  1 loop /snap/lxd/22526
sda                         8:0    0   64G  0 disk
├─sda1                      8:1    0    1M  0 part
├─sda2                      8:2    0    1G  0 part /boot
└─sda3                      8:3    0   63G  0 part
  └─ubuntu--vg-ubuntu--lv 253:0    0 31.5G  0 lvm  /
sdb                         8:16   0  2.5G  0 disk
sdc                         8:32   0  2.5G  0 disk
```

### 4. Используя `fdisk`, разбейте первый диск на 2 раздела: 2 Гб, оставшееся пространство.
*Ответ:*  
```shell
vagrant@vagrant:~$ sudo fdisk /dev/sdb

Welcome to fdisk (util-linux 2.34).
Changes will remain in memory only, until you decide to write them.
Be careful before using the write command.


Command (m for help): n
Partition type
   p   primary (0 primary, 0 extended, 4 free)
   e   extended (container for logical partitions)
Select (default p): p
Partition number (1-4, default 1): 1
First sector (2048-5242879, default 2048):
Last sector, +/-sectors or +/-size{K,M,G,T,P} (2048-5242879, default 5242879): +2G

Created a new partition 1 of type 'Linux' and of size 2 GiB.

Command (m for help): n
Partition type
   p   primary (1 primary, 0 extended, 3 free)
   e   extended (container for logical partitions)
Select (default p): p
Partition number (2-4, default 2): 2
First sector (4196352-5242879, default 4196352):
Last sector, +/-sectors or +/-size{K,M,G,T,P} (4196352-5242879, default 5242879):

Created a new partition 2 of type 'Linux' and of size 511 MiB.

Command (m for help): w
The partition table has been altered.
Calling ioctl() to re-read partition table.
Syncing disks.

vagrant@vagrant:~$ lsblk
NAME                      MAJ:MIN RM  SIZE RO TYPE MOUNTPOINT
loop0                       7:0    0 55.4M  1 loop /snap/core18/2128
loop1                       7:1    0 67.9M  1 loop /snap/lxd/22526
loop2                       7:2    0 43.6M  1 loop /snap/snapd/14978
loop3                       7:3    0 70.3M  1 loop /snap/lxd/21029
loop4                       7:4    0 61.9M  1 loop /snap/core20/1361
loop5                       7:5    0 55.5M  1 loop /snap/core18/2284
sda                         8:0    0   64G  0 disk
├─sda1                      8:1    0    1M  0 part
├─sda2                      8:2    0    1G  0 part /boot
└─sda3                      8:3    0   63G  0 part
  └─ubuntu--vg-ubuntu--lv 253:0    0 31.5G  0 lvm  /
sdb                         8:16   0  2.5G  0 disk
├─sdb1                      8:17   0    2G  0 part
└─sdb2                      8:18   0  511M  0 part
sdc                         8:32   0  2.5G  0 disk
```

### 5. Используя `sfdisk`, перенесите данную таблицу разделов на второй диск.
*Ответ:*  
```shell
vagrant@vagrant:~$ sudo sfdisk -d /dev/sdb | sudo sfdisk /dev/sdc
Checking that no-one is using this disk right now ... OK

Disk /dev/sdc: 2.51 GiB, 2684354560 bytes, 5242880 sectors
Disk model: VBOX HARDDISK
Units: sectors of 1 * 512 = 512 bytes
Sector size (logical/physical): 512 bytes / 512 bytes
I/O size (minimum/optimal): 512 bytes / 512 bytes

>>> Script header accepted.
>>> Script header accepted.
>>> Script header accepted.
>>> Script header accepted.
>>> Created a new DOS disklabel with disk identifier 0x09fbb1ae.
/dev/sdc1: Created a new partition 1 of type 'Linux' and of size 2 GiB.
/dev/sdc2: Created a new partition 2 of type 'Linux' and of size 511 MiB.
/dev/sdc3: Done.

New situation:
Disklabel type: dos
Disk identifier: 0x09fbb1ae

Device     Boot   Start     End Sectors  Size Id Type
/dev/sdc1          2048 4196351 4194304    2G 83 Linux
/dev/sdc2       4196352 5242879 1046528  511M 83 Linux

The partition table has been altered.
Calling ioctl() to re-read partition table.
Syncing disks.
vagrant@vagrant:~$ lsblk
NAME                      MAJ:MIN RM  SIZE RO TYPE MOUNTPOINT
loop0                       7:0    0 55.4M  1 loop /snap/core18/2128
loop1                       7:1    0 67.9M  1 loop /snap/lxd/22526
loop2                       7:2    0 43.6M  1 loop /snap/snapd/14978
loop3                       7:3    0 70.3M  1 loop /snap/lxd/21029
loop4                       7:4    0 61.9M  1 loop /snap/core20/1361
loop5                       7:5    0 55.5M  1 loop /snap/core18/2284
sda                         8:0    0   64G  0 disk
├─sda1                      8:1    0    1M  0 part
├─sda2                      8:2    0    1G  0 part /boot
└─sda3                      8:3    0   63G  0 part
  └─ubuntu--vg-ubuntu--lv 253:0    0 31.5G  0 lvm  /
sdb                         8:16   0  2.5G  0 disk
├─sdb1                      8:17   0    2G  0 part
└─sdb2                      8:18   0  511M  0 part
sdc                         8:32   0  2.5G  0 disk
├─sdc1                      8:33   0    2G  0 part
└─sdc2                      8:34   0  511M  0 part
```

### 6. Соберите `mdadm` RAID1 на паре разделов 2 Гб.
*Ответ:*  
```shell
vagrant@vagrant:~$ sudo mdadm --create /dev/md0 --level=raid1 --raid-devices=2 /dev/sdb1 /dev/sdc1
mdadm: partition table exists on /dev/sdb1
mdadm: partition table exists on /dev/sdb1 but will be lost or
       meaningless after creating array
mdadm: Note: this array has metadata at the start and
    may not be suitable as a boot device.  If you plan to
    store '/boot' on this device please ensure that
    your boot-loader understands md/v1.x metadata, or use
    --metadata=0.90
Continue creating array? y
mdadm: Defaulting to version 1.2 metadata
mdadm: array /dev/md0 started.
vagrant@vagrant:~$ lsblk
NAME                      MAJ:MIN RM  SIZE RO TYPE  MOUNTPOINT
loop0                       7:0    0 55.4M  1 loop  /snap/core18/2128
loop1                       7:1    0 67.9M  1 loop  /snap/lxd/22526
loop2                       7:2    0 43.6M  1 loop  /snap/snapd/14978
loop3                       7:3    0 70.3M  1 loop  /snap/lxd/21029
loop4                       7:4    0 61.9M  1 loop  /snap/core20/1361
loop5                       7:5    0 55.5M  1 loop  /snap/core18/2284
sda                         8:0    0   64G  0 disk
├─sda1                      8:1    0    1M  0 part
├─sda2                      8:2    0    1G  0 part  /boot
└─sda3                      8:3    0   63G  0 part
  └─ubuntu--vg-ubuntu--lv 253:0    0 31.5G  0 lvm   /
sdb                         8:16   0  2.5G  0 disk
├─sdb1                      8:17   0    2G  0 part
│ └─md0                     9:0    0    2G  0 raid1
└─sdb2                      8:18   0  511M  0 part
sdc                         8:32   0  2.5G  0 disk
├─sdc1                      8:33   0    2G  0 part
│ └─md0                     9:0    0    2G  0 raid1
└─sdc2                      8:34   0  511M  0 part
```

### 7. Соберите `mdadm` RAID0 на второй паре маленьких разделов.
*Ответ:*  
```shell
vagrant@vagrant:~$ sudo mdadm --create /dev/md1 --level=raid0 --raid-devices=2 /dev/sdb2 /dev/sdc2
mdadm: Defaulting to version 1.2 metadata
mdadm: array /dev/md1 started.
vagrant@vagrant:~$ lsblk
NAME                      MAJ:MIN RM  SIZE RO TYPE  MOUNTPOINT
loop0                       7:0    0 55.4M  1 loop  /snap/core18/2128
loop1                       7:1    0 67.9M  1 loop  /snap/lxd/22526
loop2                       7:2    0 43.6M  1 loop  /snap/snapd/14978
loop3                       7:3    0 70.3M  1 loop  /snap/lxd/21029
loop4                       7:4    0 61.9M  1 loop  /snap/core20/1361
loop5                       7:5    0 55.5M  1 loop  /snap/core18/2284
sda                         8:0    0   64G  0 disk
├─sda1                      8:1    0    1M  0 part
├─sda2                      8:2    0    1G  0 part  /boot
└─sda3                      8:3    0   63G  0 part
  └─ubuntu--vg-ubuntu--lv 253:0    0 31.5G  0 lvm   /
sdb                         8:16   0  2.5G  0 disk
├─sdb1                      8:17   0    2G  0 part
│ └─md0                     9:0    0    2G  0 raid1
└─sdb2                      8:18   0  511M  0 part
  └─md1                     9:1    0 1018M  0 raid0
sdc                         8:32   0  2.5G  0 disk
├─sdc1                      8:33   0    2G  0 part
│ └─md0                     9:0    0    2G  0 raid1
└─sdc2                      8:34   0  511M  0 part
  └─md1                     9:1    0 1018M  0 raid0
```

### 8. Создайте 2 независимых PV на получившихся md-устройствах.
*Ответ:*  
```shell
vagrant@vagrant:~$ sudo pvcreate /dev/md0
  Physical volume "/dev/md0" successfully created.
vagrant@vagrant:~$ sudo pvcreate /dev/md1
  Physical volume "/dev/md1" successfully created.
vagrant@vagrant:~$ sudo pvdisplay
  --- Physical volume ---
  PV Name               /dev/sda3
  VG Name               ubuntu-vg
  PV Size               <63.00 GiB / not usable 0
  Allocatable           yes
  PE Size               4.00 MiB
  Total PE              16127
  Free PE               8063
  Allocated PE          8064
  PV UUID               sDUvKe-EtCc-gKuY-ZXTD-1B1d-eh9Q-XldxLf

  "/dev/md0" is a new physical volume of "<2.00 GiB"
  --- NEW Physical volume ---
  PV Name               /dev/md0
  VG Name
  PV Size               <2.00 GiB
  Allocatable           NO
  PE Size               0
  Total PE              0
  Free PE               0
  Allocated PE          0
  PV UUID               zx3zSb-MCq9-Bbn0-0Hxz-JFCK-Xo1Y-quNHcm

  "/dev/md1" is a new physical volume of "1018.00 MiB"
  --- NEW Physical volume ---
  PV Name               /dev/md1
  VG Name
  PV Size               1018.00 MiB
  Allocatable           NO
  PE Size               0
  Total PE              0
  Free PE               0
  Allocated PE          0
  PV UUID               bGTDwx-5ke0-cM0g-21fz-rW6q-1xxc-v7cuC1
```
### 9. Создайте общую volume-group на этих двух PV.
*Ответ:*  
```shell
vagrant@vagrant:~$ sudo vgcreate VGTest /dev/md0 /dev/md1
  Volume group "VGTest" successfully created
vagrant@vagrant:~$ sudo pvs
  PV         VG        Fmt  Attr PSize    PFree
  /dev/md0   VGTest    lvm2 a--    <2.00g   <2.00g
  /dev/md1   VGTest    lvm2 a--  1016.00m 1016.00m
  /dev/sda3  ubuntu-vg lvm2 a--   <63.00g  <31.50g
```
### 10. Создайте LV размером 100 Мб, указав его расположение на PV с RAID0.
*Ответ:*  
```shell
vagrant@vagrant:~$ sudo lvcreate -L 100M VGTest /dev/md1
  Logical volume "lvol0" created.
vagrant@vagrant:~$ lsblk
NAME                      MAJ:MIN RM  SIZE RO TYPE  MOUNTPOINT
loop0                       7:0    0 55.4M  1 loop  /snap/core18/2128
loop1                       7:1    0 67.9M  1 loop  /snap/lxd/22526
loop2                       7:2    0 43.6M  1 loop  /snap/snapd/14978
loop3                       7:3    0 70.3M  1 loop  /snap/lxd/21029
loop4                       7:4    0 61.9M  1 loop  /snap/core20/1361
loop5                       7:5    0 55.5M  1 loop  /snap/core18/2284
sda                         8:0    0   64G  0 disk
├─sda1                      8:1    0    1M  0 part
├─sda2                      8:2    0    1G  0 part  /boot
└─sda3                      8:3    0   63G  0 part
  └─ubuntu--vg-ubuntu--lv 253:0    0 31.5G  0 lvm   /
sdb                         8:16   0  2.5G  0 disk
├─sdb1                      8:17   0    2G  0 part
│ └─md0                     9:0    0    2G  0 raid1
└─sdb2                      8:18   0  511M  0 part
  └─md1                     9:1    0 1018M  0 raid0
    └─VGTest-lvol0        253:1    0  100M  0 lvm
sdc                         8:32   0  2.5G  0 disk
├─sdc1                      8:33   0    2G  0 part
│ └─md0                     9:0    0    2G  0 raid1
└─sdc2                      8:34   0  511M  0 part
  └─md1                     9:1    0 1018M  0 raid0
    └─VGTest-lvol0        253:1    0  100M  0 lvm
```

### 11. Создайте `mkfs.ext4` ФС на получившемся LV.
*Ответ:*  
```shell
vagrant@vagrant:~$ sudo mkfs.ext4 /dev/VGTest/lvol0
mke2fs 1.45.5 (07-Jan-2020)
Creating filesystem with 25600 4k blocks and 25600 inodes

Allocating group tables: done
Writing inode tables: done
Creating journal (1024 blocks): done
Writing superblocks and filesystem accounting information: done

vagrant@vagrant:~$ lsblk -f
NAME                      FSTYPE            LABEL     UUID                                   FSAVAIL FSUSE% MOUNTPOINT
loop0                     squashfs                                                                 0   100% /snap/core18/2128
loop1                     squashfs                                                                 0   100% /snap/lxd/22526
loop2                     squashfs                                                                 0   100% /snap/snapd/14978
loop3                     squashfs                                                                 0   100% /snap/lxd/21029
loop4                     squashfs                                                                 0   100% /snap/core20/1361
loop5                     squashfs                                                                 0   100% /snap/core18/2284
sda
├─sda1
├─sda2                    ext4                        6062f85a-eb61-4c49-900d-65a91b7edafb    802.6M    11% /boot
└─sda3                    LVM2_member                 sDUvKe-EtCc-gKuY-ZXTD-1B1d-eh9Q-XldxLf
  └─ubuntu--vg-ubuntu--lv ext4                        4855fb55-feed-4397-8ed6-ad6ccc89ef59     25.6G    12% /
sdb
├─sdb1                    linux_raid_member vagrant:0 ae9dfa48-f7ed-c9dd-293d-6af123b9f872
│ └─md0                   LVM2_member                 zx3zSb-MCq9-Bbn0-0Hxz-JFCK-Xo1Y-quNHcm
└─sdb2                    linux_raid_member vagrant:1 3fa12d41-bc2f-d640-19a6-f479e8676efe
  └─md1                   LVM2_member                 bGTDwx-5ke0-cM0g-21fz-rW6q-1xxc-v7cuC1
    └─VGTest-lvol0        ext4                        d796cf5f-0d61-4d72-93b2-d75715f6e0a8
sdc
├─sdc1                    linux_raid_member vagrant:0 ae9dfa48-f7ed-c9dd-293d-6af123b9f872
│ └─md0                   LVM2_member                 zx3zSb-MCq9-Bbn0-0Hxz-JFCK-Xo1Y-quNHcm
└─sdc2                    linux_raid_member vagrant:1 3fa12d41-bc2f-d640-19a6-f479e8676efe
  └─md1                   LVM2_member                 bGTDwx-5ke0-cM0g-21fz-rW6q-1xxc-v7cuC1
    └─VGTest-lvol0        ext4                        d796cf5f-0d61-4d72-93b2-d75715f6e0a8
```

### 12. Смонтируйте этот раздел в любую директорию, например, `/tmp/new`.
*Ответ:*  
```shell
vagrant@vagrant:~$ mkdir /tmp/new
vagrant@vagrant:~$ sudo mount /dev/VGTest/lvol0 /tmp/new
```

### 13. Поместите туда тестовый файл, например `wget https://mirror.yandex.ru/ubuntu/ls-lR.gz -O /tmp/new/test.gz`.
*Ответ:*  
```shell
vagrant@vagrant:~$ sudo wget https://mirror.yandex.ru/ubuntu/ls-lR.gz -O /tmp/new/test.gz
--2022-02-25 20:09:12--  https://mirror.yandex.ru/ubuntu/ls-lR.gz
Resolving mirror.yandex.ru (mirror.yandex.ru)... 213.180.204.183, 2a02:6b8::183
Connecting to mirror.yandex.ru (mirror.yandex.ru)|213.180.204.183|:443... connected.
HTTP request sent, awaiting response... 200 OK
Length: 22381835 (21M) [application/octet-stream]
Saving to: ‘/tmp/new/test.gz’

/tmp/new/test.gz                  100%[==========================================================>]  21.34M   527KB/s    in 22s

2022-02-25 20:09:35 (994 KB/s) - ‘/tmp/new/test.gz’ saved [22381835/22381835]
```
### 14. Прикрепите вывод `lsblk`.
*Ответ:*  
```shell
vagrant@vagrant:~$ lsblk
NAME                      MAJ:MIN RM  SIZE RO TYPE  MOUNTPOINT
loop0                       7:0    0 55.4M  1 loop  /snap/core18/2128
loop1                       7:1    0 67.9M  1 loop  /snap/lxd/22526
loop2                       7:2    0 43.6M  1 loop  /snap/snapd/14978
loop3                       7:3    0 70.3M  1 loop  /snap/lxd/21029
loop4                       7:4    0 61.9M  1 loop  /snap/core20/1361
loop5                       7:5    0 55.5M  1 loop  /snap/core18/2284
sda                         8:0    0   64G  0 disk
├─sda1                      8:1    0    1M  0 part
├─sda2                      8:2    0    1G  0 part  /boot
└─sda3                      8:3    0   63G  0 part
  └─ubuntu--vg-ubuntu--lv 253:0    0 31.5G  0 lvm   /
sdb                         8:16   0  2.5G  0 disk
├─sdb1                      8:17   0    2G  0 part
│ └─md0                     9:0    0    2G  0 raid1
└─sdb2                      8:18   0  511M  0 part
  └─md1                     9:1    0 1018M  0 raid0
    └─VGTest-lvol0        253:1    0  100M  0 lvm   /tmp/new
sdc                         8:32   0  2.5G  0 disk
├─sdc1                      8:33   0    2G  0 part
│ └─md0                     9:0    0    2G  0 raid1
└─sdc2                      8:34   0  511M  0 part
  └─md1                     9:1    0 1018M  0 raid0
    └─VGTest-lvol0        253:1    0  100M  0 lvm   /tmp/new
```
### 15. Протестируйте целостность файла:

```bash
    root@vagrant:~# gzip -t /tmp/new/test.gz
    root@vagrant:~# echo $?
    0
```
*Ответ:*  
```shell
vagrant@vagrant:~$ gzip -t /tmp/new/test.gz
vagrant@vagrant:~$ echo $?
0
```

### 16. Используя pvmove, переместите содержимое PV с RAID0 на RAID1.
*Ответ:*  
```shell
vagrant@vagrant:~$ sudo pvmove /dev/md1 /dev/md0
  /dev/md1: Moved: 20.00%
  /dev/md1: Moved: 100.00%
```

### 17. Сделайте `--fail` на устройство в вашем RAID1 md.
*Ответ:*  
```shell
vagrant@vagrant:~$ sudo mdadm /dev/md0 --fail /dev/sdb1
mdadm: set /dev/sdb1 faulty in /dev/md0
```

### 18. Подтвердите выводом `dmesg`, что RAID1 работает в деградированном состоянии.
*Ответ:*  
```shell
vagrant@vagrant:~$ dmesg | grep raid1
[ 7695.281693] md/raid1:md0: not clean -- starting background reconstruction
[ 7695.281695] md/raid1:md0: active with 2 out of 2 mirrors
[19973.942069] md/raid1:md0: Disk failure on sdb1, disabling device.
               md/raid1:md0: Operation continuing on 1 devices.
```

### 19. Протестируйте целостность файла, несмотря на "сбойный" диск он должен продолжать быть доступен:

```bash
    root@vagrant:~# gzip -t /tmp/new/test.gz
    root@vagrant:~# echo $?
    0
```
*Ответ:*  
```shell
vagrant@vagrant:~$ gzip -t /tmp/new/test.gz
vagrant@vagrant:~$ echo $?
0
```

### 20. Погасите тестовый хост, `vagrant destroy`.
*Ответ:*  
```shell
PS C:\!MyData\DevOps\VagrantCfg> vagrant destroy
    default: Are you sure you want to destroy the 'default' VM? [y/N] y
==> default: Forcing shutdown of VM...
==> default: Destroying VM and associated drives...
```

